12-Mar-2026 13:02:09.509 INFO [main] org.apache.catalina.core.ApplicationContext.log ContextListener: contextInitialized()
12-Mar-2026 13:02:09.510 INFO [main] org.apache.catalina.core.ApplicationContext.log SessionListener: contextInitialized()
12-Mar-2026 13:02:09.512 INFO [main] org.apache.catalina.core.ApplicationContext.log ContextListener: attributeAdded('StockTicker', 'async.Stockticker@7d3430a7')
12-Mar-2026 13:19:47.658 INFO [http-nio-8080-exec-4] org.apache.catalina.core.ApplicationContext.log Marking servlet [LoginServlet] as unavailable
12-Mar-2026 13:19:47.668 SEVERE [http-nio-8080-exec-4] org.apache.catalina.core.StandardWrapperValve.invoke Allocate exception for servlet [LoginServlet]
	java.lang.ClassNotFoundException: LoginServlet
		at org.apache.catalina.loader.WebappClassLoaderBase.loadClass(WebappClassLoaderBase.java:1377)
		at org.apache.catalina.loader.WebappClassLoaderBase.loadClass(WebappClassLoaderBase.java:1186)
		at org.apache.catalina.core.DefaultInstanceManager.loadClass(DefaultInstanceManager.java:487)
		at org.apache.catalina.core.DefaultInstanceManager.loadClassMaybePrivileged(DefaultInstanceManager.java:469)
		at org.apache.catalina.core.DefaultInstanceManager.newInstance(DefaultInstanceManager.java:143)
		at org.apache.catalina.core.StandardWrapper.loadServlet(StandardWrapper.java:761)
		at org.apache.catalina.core.StandardWrapper.allocate(StandardWrapper.java:578)
		at org.apache.catalina.core.StandardWrapperValve.invoke(StandardWrapperValve.java:113)
		at org.apache.catalina.core.StandardContextValve.invoke(StandardContextValve.java:88)
		at org.apache.catalina.authenticator.AuthenticatorBase.invoke(AuthenticatorBase.java:492)
		at org.apache.catalina.core.StandardHostValve.invoke(StandardHostValve.java:113)
		at org.apache.catalina.valves.ErrorReportValve.invoke(ErrorReportValve.java:83)
		at org.apache.catalina.valves.AbstractAccessLogValve.invoke(AbstractAccessLogValve.java:654)
		at org.apache.catalina.core.StandardEngineValve.invoke(StandardEngineValve.java:72)
		at org.apache.catalina.connector.CoyoteAdapter.service(CoyoteAdapter.java:342)
		at org.apache.coyote.http11.Http11Processor.service(Http11Processor.java:399)
		at org.apache.coyote.AbstractProcessorLight.process(AbstractProcessorLight.java:63)
		at org.apache.coyote.AbstractProtocol$ConnectionHandler.process(AbstractProtocol.java:903)
		at org.apache.tomcat.util.net.NioEndpoint$SocketProcessor.doRun(NioEndpoint.java:1775)
		at org.apache.tomcat.util.net.SocketProcessorBase.run(SocketProcessorBase.java:52)
		at org.apache.tomcat.util.threads.ThreadPoolExecutor.runWorker(ThreadPoolExecutor.java:973)
		at org.apache.tomcat.util.threads.ThreadPoolExecutor$Worker.run(ThreadPoolExecutor.java:491)
		at org.apache.tomcat.util.threads.TaskThread$WrappingRunnable.run(TaskThread.java:63)
		at java.base/java.lang.Thread.run(Thread.java:1474)
12-Mar-2026 13:23:51.811 INFO [main] org.apache.catalina.core.ApplicationContext.log ContextListener: contextInitialized()
12-Mar-2026 13:23:51.811 INFO [main] org.apache.catalina.core.ApplicationContext.log SessionListener: contextInitialized()
12-Mar-2026 13:23:51.813 INFO [main] org.apache.catalina.core.ApplicationContext.log ContextListener: attributeAdded('StockTicker', 'async.Stockticker@552cede7')
12-Mar-2026 13:24:17.717 INFO [http-nio-8080-exec-4] org.apache.catalina.core.ApplicationContext.log Marking servlet [LoginServlet] as unavailable
12-Mar-2026 13:24:17.717 SEVERE [http-nio-8080-exec-4] org.apache.catalina.core.StandardWrapperValve.invoke Allocate exception for servlet [LoginServlet]
	java.lang.ClassNotFoundException: LoginServlet
		at org.apache.catalina.loader.WebappClassLoaderBase.loadClass(WebappClassLoaderBase.java:1377)
		at org.apache.catalina.loader.WebappClassLoaderBase.loadClass(WebappClassLoaderBase.java:1186)
		at org.apache.catalina.core.DefaultInstanceManager.loadClass(DefaultInstanceManager.java:487)
		at org.apache.catalina.core.DefaultInstanceManager.loadClassMaybePrivileged(DefaultInstanceManager.java:469)
		at org.apache.catalina.core.DefaultInstanceManager.newInstance(DefaultInstanceManager.java:143)
		at org.apache.catalina.core.StandardWrapper.loadServlet(StandardWrapper.java:761)
		at org.apache.catalina.core.StandardWrapper.allocate(StandardWrapper.java:578)
		at org.apache.catalina.core.StandardWrapperValve.invoke(StandardWrapperValve.java:113)
		at org.apache.catalina.core.StandardContextValve.invoke(StandardContextValve.java:88)
		at org.apache.catalina.authenticator.AuthenticatorBase.invoke(AuthenticatorBase.java:492)
		at org.apache.catalina.core.StandardHostValve.invoke(StandardHostValve.java:113)
		at org.apache.catalina.valves.ErrorReportValve.invoke(ErrorReportValve.java:83)
		at org.apache.catalina.valves.AbstractAccessLogValve.invoke(AbstractAccessLogValve.java:654)
		at org.apache.catalina.core.StandardEngineValve.invoke(StandardEngineValve.java:72)
		at org.apache.catalina.connector.CoyoteAdapter.service(CoyoteAdapter.java:342)
		at org.apache.coyote.http11.Http11Processor.service(Http11Processor.java:399)
		at org.apache.coyote.AbstractProcessorLight.process(AbstractProcessorLight.java:63)
		at org.apache.coyote.AbstractProtocol$ConnectionHandler.process(AbstractProtocol.java:903)
		at org.apache.tomcat.util.net.NioEndpoint$SocketProcessor.doRun(NioEndpoint.java:1775)
		at org.apache.tomcat.util.net.SocketProcessorBase.run(SocketProcessorBase.java:52)
		at org.apache.tomcat.util.threads.ThreadPoolExecutor.runWorker(ThreadPoolExecutor.java:973)
		at org.apache.tomcat.util.threads.ThreadPoolExecutor$Worker.run(ThreadPoolExecutor.java:491)
		at org.apache.tomcat.util.threads.TaskThread$WrappingRunnable.run(TaskThread.java:63)
		at java.base/java.lang.Thread.run(Thread.java:1474)
12-Mar-2026 13:32:39.797 INFO [main] org.apache.catalina.core.ApplicationContext.log ContextListener: contextInitialized()
12-Mar-2026 13:32:39.797 INFO [main] org.apache.catalina.core.ApplicationContext.log SessionListener: contextInitialized()
12-Mar-2026 13:32:39.799 INFO [main] org.apache.catalina.core.ApplicationContext.log ContextListener: attributeAdded('StockTicker', 'async.Stockticker@6909f6be')
12-Mar-2026 13:44:54.926 INFO [main] org.apache.catalina.core.ApplicationContext.log ContextListener: contextInitialized()
12-Mar-2026 13:44:54.926 INFO [main] org.apache.catalina.core.ApplicationContext.log SessionListener: contextInitialized()
12-Mar-2026 13:44:54.928 INFO [main] org.apache.catalina.core.ApplicationContext.log ContextListener: attributeAdded('StockTicker', 'async.Stockticker@6909f6be')
12-Mar-2026 19:52:18.576 INFO [main] org.apache.catalina.core.ApplicationContext.log ContextListener: contextInitialized()
12-Mar-2026 19:52:18.577 INFO [main] org.apache.catalina.core.ApplicationContext.log SessionListener: contextInitialized()
12-Mar-2026 19:52:18.579 INFO [main] org.apache.catalina.core.ApplicationContext.log ContextListener: attributeAdded('StockTicker', 'async.Stockticker@6b5ab2f2')
12-Mar-2026 20:02:30.668 INFO [main] org.apache.catalina.core.ApplicationContext.log ContextListener: contextInitialized()
12-Mar-2026 20:02:30.668 INFO [main] org.apache.catalina.core.ApplicationContext.log SessionListener: contextInitialized()
12-Mar-2026 20:02:30.670 INFO [main] org.apache.catalina.core.ApplicationContext.log ContextListener: attributeAdded('StockTicker', 'async.Stockticker@315c081')
12-Mar-2026 20:20:06.497 INFO [main] org.apache.catalina.core.ApplicationContext.log ContextListener: contextInitialized()
12-Mar-2026 20:20:06.498 INFO [main] org.apache.catalina.core.ApplicationContext.log SessionListener: contextInitialized()
12-Mar-2026 20:20:06.506 INFO [main] org.apache.catalina.core.ApplicationContext.log ContextListener: attributeAdded('StockTicker', 'async.Stockticker@315c081')
12-Mar-2026 20:52:12.064 INFO [main] org.apache.catalina.core.ApplicationContext.log ContextListener: contextInitialized()
12-Mar-2026 20:52:12.064 INFO [main] org.apache.catalina.core.ApplicationContext.log SessionListener: contextInitialized()
12-Mar-2026 20:52:12.065 INFO [main] org.apache.catalina.core.ApplicationContext.log ContextListener: attributeAdded('StockTicker', 'async.Stockticker@315c081')
12-Mar-2026 21:19:08.103 INFO [main] org.apache.catalina.core.ApplicationContext.log ContextListener: contextInitialized()
12-Mar-2026 21:19:08.103 INFO [main] org.apache.catalina.core.ApplicationContext.log SessionListener: contextInitialized()
12-Mar-2026 21:19:08.104 INFO [main] org.apache.catalina.core.ApplicationContext.log ContextListener: attributeAdded('StockTicker', 'async.Stockticker@77b3752b')
12-Mar-2026 21:27:41.667 INFO [main] org.apache.catalina.core.ApplicationContext.log ContextListener: contextInitialized()
12-Mar-2026 21:27:41.667 INFO [main] org.apache.catalina.core.ApplicationContext.log SessionListener: contextInitialized()
12-Mar-2026 21:27:41.669 INFO [main] org.apache.catalina.core.ApplicationContext.log ContextListener: attributeAdded('StockTicker', 'async.Stockticker@77b3752b')
12-Mar-2026 21:31:49.995 INFO [main] org.apache.catalina.core.ApplicationContext.log ContextListener: contextInitialized()
12-Mar-2026 21:31:49.995 INFO [main] org.apache.catalina.core.ApplicationContext.log SessionListener: contextInitialized()
12-Mar-2026 21:31:49.998 INFO [main] org.apache.catalina.core.ApplicationContext.log ContextListener: attributeAdded('StockTicker', 'async.Stockticker@5707f613')
12-Mar-2026 21:34:09.015 INFO [main] org.apache.catalina.core.ApplicationContext.log ContextListener: contextInitialized()
12-Mar-2026 21:34:09.015 INFO [main] org.apache.catalina.core.ApplicationContext.log SessionListener: contextInitialized()
12-Mar-2026 21:34:09.018 INFO [main] org.apache.catalina.core.ApplicationContext.log ContextListener: attributeAdded('StockTicker', 'async.Stockticker@315c081')
12-Mar-2026 21:45:38.678 INFO [main] org.apache.catalina.core.ApplicationContext.log ContextListener: contextInitialized()
12-Mar-2026 21:45:38.678 INFO [main] org.apache.catalina.core.ApplicationContext.log SessionListener: contextInitialized()
12-Mar-2026 21:45:38.681 INFO [main] org.apache.catalina.core.ApplicationContext.log ContextListener: attributeAdded('StockTicker', 'async.Stockticker@17d2b075')
12-Mar-2026 21:46:24.946 INFO [main] org.apache.catalina.core.ApplicationContext.log ContextListener: contextInitialized()
12-Mar-2026 21:46:24.946 INFO [main] org.apache.catalina.core.ApplicationContext.log SessionListener: contextInitialized()
12-Mar-2026 21:46:24.950 INFO [main] org.apache.catalina.core.ApplicationContext.log ContextListener: attributeAdded('StockTicker', 'async.Stockticker@11787b64')
12-Mar-2026 21:50:19.189 INFO [main] org.apache.catalina.core.ApplicationContext.log ContextListener: contextInitialized()
12-Mar-2026 21:50:19.189 INFO [main] org.apache.catalina.core.ApplicationContext.log SessionListener: contextInitialized()
12-Mar-2026 21:50:19.191 INFO [main] org.apache.catalina.core.ApplicationContext.log ContextListener: attributeAdded('StockTicker', 'async.Stockticker@6909f6be')
12-Mar-2026 22:09:11.016 INFO [main] org.apache.catalina.core.ApplicationContext.log ContextListener: contextInitialized()
12-Mar-2026 22:09:11.017 INFO [main] org.apache.catalina.core.ApplicationContext.log SessionListener: contextInitialized()
12-Mar-2026 22:09:11.018 INFO [main] org.apache.catalina.core.ApplicationContext.log ContextListener: attributeAdded('StockTicker', 'async.Stockticker@6909f6be')
12-Mar-2026 22:25:29.423 INFO [main] org.apache.catalina.core.ApplicationContext.log ContextListener: contextInitialized()
12-Mar-2026 22:25:29.423 INFO [main] org.apache.catalina.core.ApplicationContext.log SessionListener: contextInitialized()
12-Mar-2026 22:25:29.425 INFO [main] org.apache.catalina.core.ApplicationContext.log ContextListener: attributeAdded('StockTicker', 'async.Stockticker@77b3752b')
12-Mar-2026 22:38:06.386 INFO [main] org.apache.catalina.core.ApplicationContext.log ContextListener: contextInitialized()
12-Mar-2026 22:38:06.386 INFO [main] org.apache.catalina.core.ApplicationContext.log SessionListener: contextInitialized()
12-Mar-2026 22:38:06.388 INFO [main] org.apache.catalina.core.ApplicationContext.log ContextListener: attributeAdded('StockTicker', 'async.Stockticker@6909f6be')
12-Mar-2026 22:43:21.622 INFO [main] org.apache.catalina.core.ApplicationContext.log ContextListener: contextInitialized()
12-Mar-2026 22:43:21.622 INFO [main] org.apache.catalina.core.ApplicationContext.log SessionListener: contextInitialized()
12-Mar-2026 22:43:21.624 INFO [main] org.apache.catalina.core.ApplicationContext.log ContextListener: attributeAdded('StockTicker', 'async.Stockticker@5707f613')
12-Mar-2026 22:45:50.311 INFO [main] org.apache.catalina.core.ApplicationContext.log ContextListener: contextInitialized()
12-Mar-2026 22:45:50.311 INFO [main] org.apache.catalina.core.ApplicationContext.log SessionListener: contextInitialized()
12-Mar-2026 22:45:50.313 INFO [main] org.apache.catalina.core.ApplicationContext.log ContextListener: attributeAdded('StockTicker', 'async.Stockticker@6909f6be')
